// Jest Snapshot v1, https://goo.gl/fbAQLP

exports[`smoke and snapshot matches snapshot 1`] = `
<DocumentFragment>
  <form
    autocomplete="off"
    class="makeStyles-container-7"
    novalidate=""
  >
    <div
      class="MuiFormControl-root MuiTextField-root"
    >
      <label
        class="MuiFormLabel-root MuiInputLabel-root MuiInputLabel-formControl MuiInputLabel-animated MuiInputLabel-outlined"
        data-shrink="false"
        for="form-text-color"
        id="form-text-color-label"
      >
        Add a new todo
      </label>
      <div
        class="MuiInputBase-root MuiOutlinedInput-root MuiInputBase-formControl"
      >
        <input
          aria-invalid="false"
          class="MuiInputBase-input MuiOutlinedInput-input"
          id="form-text-color"
          name="todo"
          type="text"
          value=""
        />
        <fieldset
          aria-hidden="true"
          class="PrivateNotchedOutline-root-9 MuiOutlinedInput-notchedOutline"
        >
          <legend
            class="PrivateNotchedOutline-legendLabelled-11"
          >
            <span>
              Add a new todo
            </span>
          </legend>
        </fieldset>
      </div>
    </div>
    <button
      class="MuiButtonBase-root MuiButton-root MuiButton-contained makeStyles-button-8 MuiButton-containedPrimary"
      id="form-btn"
      tabindex="0"
      type="submit"
    >
      <span
        class="MuiButton-label"
      >
        Add Todo
      </span>
      <span
        class="MuiTouchRipple-root"
      />
    </button>
  </form>
</DocumentFragment>
`;
