// Jest Snapshot v1, https://goo.gl/fbAQLP

exports[`matches snapshot 1`] = `
<DocumentFragment>
  <div
    class="MuiGrid-root makeStyles-root-10 MuiGrid-container MuiGrid-direction-xs-column"
  >
    <div
      class="MuiGrid-root MuiGrid-container MuiGrid-item"
    >
      <div
        class="MuiGrid-root MuiGrid-item MuiGrid-grid-xs-auto MuiGrid-grid-md-2"
      />
      <div
        class="MuiGrid-root MuiGrid-item MuiGrid-grid-xs-12 MuiGrid-grid-md-8"
      >
        <form
          autocomplete="off"
          class="makeStyles-container-13"
          novalidate=""
        >
          <div
            class="MuiFormControl-root MuiTextField-root"
          >
            <label
              class="MuiFormLabel-root MuiInputLabel-root MuiInputLabel-formControl MuiInputLabel-animated MuiInputLabel-outlined"
              data-shrink="false"
              for="form-text-color"
              id="form-text-color-label"
            >
              Add a new todo
            </label>
            <div
              class="MuiInputBase-root MuiOutlinedInput-root MuiInputBase-formControl"
            >
              <input
                aria-invalid="false"
                class="MuiInputBase-input MuiOutlinedInput-input"
                id="form-text-color"
                name="todo"
                type="text"
                value=""
              />
              <fieldset
                aria-hidden="true"
                class="PrivateNotchedOutline-root-15 MuiOutlinedInput-notchedOutline"
              >
                <legend
                  class="PrivateNotchedOutline-legendLabelled-17"
                >
                  <span>
                    Add a new todo
                  </span>
                </legend>
              </fieldset>
            </div>
          </div>
          <button
            class="MuiButtonBase-root MuiButton-root MuiButton-contained makeStyles-button-14 MuiButton-containedPrimary"
            id="form-btn"
            tabindex="0"
            type="submit"
          >
            <span
              class="MuiButton-label"
            >
              Add Todo
            </span>
            <span
              class="MuiTouchRipple-root"
            />
          </button>
        </form>
        <ul
          class="MuiList-root MuiList-padding"
        />
      </div>
      <div
        class="MuiGrid-root MuiGrid-item MuiGrid-grid-xs-auto MuiGrid-grid-md-2"
      />
    </div>
  </div>
</DocumentFragment>
`;
